###############################################################################
#                                                                             #
# IAR ANSI C/C++ Compiler V6.30.1.53127/W32 for ARM     05/Aug/2022  17:46:08 #
# Copyright 1999-2011 IAR Systems AB.                                         #
#                                                                             #
#    Cpu mode     =  thumb                                                    #
#    Endian       =  little                                                   #
#    Source file  =  C:\Users\TTT\Desktop\zz.STDFW\00.Study\src\main.c        #
#    Command line =  C:\Users\TTT\Desktop\zz.STDFW\00.Study\src\main.c -D     #
#                    USE_STDPERIPH_DRIVER -D STM32F10x_HD -D USE_FULL_ASSERT  #
#                    -lcN C:\Users\TTT\Desktop\zz.STDFW\00.Study\project\IAR_ #
#                    M32\Debug\List\ -lb C:\Users\TTT\Desktop\zz.STDFW\00.Stu #
#                    dy\project\IAR_M32\Debug\List\ -o                        #
#                    C:\Users\TTT\Desktop\zz.STDFW\00.Study\project\IAR_M32\D #
#                    ebug\Obj\ --no_cse --no_unroll --no_inline               #
#                    --no_code_motion --no_tbaa --no_clustering               #
#                    --no_scheduling --debug --endian=little --cpu=Cortex-M3  #
#                    -e --fpu=None --dlib_config "C:\Program Files (x86)\IAR  #
#                    Systems\Embedded Workbench 6.0\arm\INC\c\DLib_Config_Ful #
#                    l.h" -I C:\Users\TTT\Desktop\zz.STDFW\00.Study\project\I #
#                    AR_M32\..\..\inc\ -I C:\Users\TTT\Desktop\zz.STDFW\00.St #
#                    udy\project\IAR_M32\..\..\Libraries\CMSIS\CM3\DeviceSupp #
#                    ort\ST\STM32F10x\ -I C:\Users\TTT\Desktop\zz.STDFW\00.St #
#                    udy\project\IAR_M32\..\..\Libraries\STM32F10x_StdPeriph_ #
#                    Driver\inc\ -I "C:\Program Files (x86)\IAR               #
#                    Systems\Embedded Workbench 6.0\arm\inc\c\" -On -I        #
#                    "C:\Program Files (x86)\IAR Systems\Embedded Workbench   #
#                    6.0\arm\CMSIS\Include\"                                  #
#    List file    =  C:\Users\TTT\Desktop\zz.STDFW\00.Study\project\IAR_M32\D #
#                    ebug\List\main.lst                                       #
#    Object file  =  C:\Users\TTT\Desktop\zz.STDFW\00.Study\project\IAR_M32\D #
#                    ebug\Obj\main.o                                          #
#                                                                             #
#                                                                             #
###############################################################################

C:\Users\TTT\Desktop\zz.STDFW\00.Study\src\main.c
      1          /*=================================================================================
      2          
      3          Author			:	phs@tbtsys.com
      4          ==================================================================================
      5          
      6          ---------------------------------------------------------------------------------
      7          CPU					: 	STM32F103RCT
      8          ---------------------------------------------------------------------------------
      9          Z:LQFP144 	(R:LQFP64, V:LQFP100)
     10          E:512KB 		(B:128KB, C:256KB, F:768KB, G:1024KB)
     11          T:LQFP		(H:UFBGA, Y:WLCSP)
     12          7:-40~105'C	(6:-40~85'C)
     13          ---------------------------------------------------------------------------------
     14          CPU Infomation 	:  ARM 32-bit Cortex-M3 CPU, 120MHz max
     15          Package			: 	LQFP144(20x20mm)
     16          ---------------------------------------------------------------------------------
     17          Clock			: 	4~26MHz Crystal oscillator
     18          	Internal 16MHz RC(factory-trimmed)
     19          	32kHz oscillator for RTC with calibration
     20          	Internal 32kHz RC with calibration
     21          ---------------------------------------------------------------------------------
     22          Program Memory		: 	1MBytes Flash Memory
     23          Data Memory			: 	128KBytes(112+16) + 4KBytes SRAM(BackUp)
     24          OTP Memory			: 	512 Bytes
     25          ---------------------------------------------------------------------------------
     26          Timer				: 10-General, 2-Advanced, 2-Basic, IWDG, WWDG
     27          RTC					: Yes
     28          I2C					: 3
     29          USART				: 4
     30          UART				: 2
     31          USB OTG FS			: Yes (full speed)
     32          USB OTG HS			: Yes (High Speed)
     33          CAN					: 2
     34          Camera Interface		: No
     35          GPIO				: 114
     36          SDIO				: Yes
     37          12-bit ADC			: 3 * 24Channel
     38          12-bit DAC			: 2
     39          Max CPU Frequency	: 120MHz
     40          Operation Volatage		: 1.8V ~ 3.6V
     41          ADC					: 3*12bit up to 24Channel
     42          DAC					: 2*12bit
     43          SPI					: 3 SPIs
     44          ---------------------------------------------------------------------------------
     45          //===============================================================================*/
     46          
     47          /* ==========================================
     48          	Clock Speed Compute
     49          // ==========================================
     50          Clock : 16Mhz 
     51          int Clock : 80Mhz
     52           
     53          Xtal=16Mhz
     54          SysFreq=80Mhz
     55          Desired Baud Rate = 2400 / 38400
     56          ----------2400----------------------------
     57          UxBRG = ((16000000/2400)/16)-1 
     58                = 415.667
     59          Calculated Baud Rate = 16000000/(16(416+1))
     60                               = 2403
     61                               = 0.1%
     62          ----------38400----------------------------                      
     63          UxBRG = ((16000000/38400)/16)-1 
     64                = 25.042
     65          Calculated Baud Rate = 16000000/(16(25+1))
     66                               = 38461.5
     67                               = 0.16%
     68          --------------------------------------------------------*/
     69          
     70          /*******************************************************************************
     71          * INCLUDE
     72          *******************************************************************************/
     73          #include "main.h"
     74          #include "Common.h"
     75          #include <stdio.h>
     76          #include "stm32f10x.h"
     77          #include "sysclk.h"
     78          #include "systickdelay.h"
     79          
     80            
     81          int main(void)
     82          {
     83             // =======================================
     84             // Initialization Device
     85             // =======================================
     86             Initial_Device();
     87          
     88             
     89             //DisplayName();
     90          
     91          	
     92             while (1)
     93             {
     94          	
     95          	/* LED ON/OFF */
     96          	//	      LED_On_Red();
     97          	//	      Delay_1ms(500);
     98          	//	      LED_Off_Red();
     99          	//	      Delay_1ms(500);
    100          	//		  
    101          	//	      LED_On_Green();
    102          	//	      Delay_1ms(500);
    103          	//	      LED_Off_Green();
    104          	//	      Delay_1ms(500);
    105          	//		  
    106          	//	      LED_On_Yellow();
    107          	//	      Delay_1ms(500);
    108          	//	      LED_Off_Yellow();
    109          	//	      Delay_1ms(500);
    110          	
    111          	
    112          	/* SW + LED ON/OFF */
    113          	//	      User_SW_On_LED_Ren_On();s
    114          	
    115          	
    116             }
    117          
    118          } //End Main
    119          

   Maximum stack usage in bytes:

   .cstack Function
   ------- --------
        8  SetSysClockTo72
             8 -> RCC_DeInit
             8 -> RCC_GetFlagStatus
             8 -> RCC_GetSYSCLKSource
             8 -> RCC_HCLKConfig
             8 -> RCC_HSEConfig
             8 -> RCC_PCLK1Config
             8 -> RCC_PCLK2Config
             8 -> RCC_PLLCmd
             8 -> RCC_PLLConfig
             8 -> RCC_SYSCLKConfig
             8 -> RCC_WaitForHSEStartUp
        8  main
             8 -> Initial_Device


   Section sizes:

   Bytes  Function/Label
   -----  --------------
       1  ABB_255_Flag
       1  ABB_Heater_Set
       1  ACTdCount
       1  ACTnCount
       4  ADCConvertedData
       8  ADCConvertedValue
       4  ADC_Value
       1  AFMTimer
       1  AFManual
       1  AFMode
      12  AFMsg
       1  AFactFlag
       4  AFmsTimer
       1  AFocusFlag
       1  AFsTimer
      20  AGCFreezeMsg
       1  AGCGainBias
       1  AGCLevelBias
       1  AGCLimitLevel
       1  AGCMode
      12  AGCMsg
      44  AGCstatusMsg
       1  AIrisFlag
      16  AWBModeMsg
       1  AbsFocusFlag
       1  AdBufCnt
       4  AdCDS
       4  AdCDSBuf
       1  AdChkCnt
       4  AdDone
       4  AdDoneCnt
       4  AdFar
       4  AdFarBuf
       4  AdNear
       4  AdNearBuf
       1  AdProCnt
       1  AdjFlag
      24  AgcFMsg
      24  AgcHMsg
      24  AgcLMsg
      24  AgcMMsg
      56  AgcMsg
       1  AgcVal
       4  AlarmCount
       1  AlarmDetect
       4  AlarmDetectMsg
       1  AlarmDisplayFlag
       1  AlarmFlag
       1  AlarmInMode
       1  AlarmMode
       4  AlarmMsg
      16  AlarmSetMsg
      16  AlarmStatusMsg
      84  AllEraseMsg
      92  AllMsg
       4  AlmAct
      56  AlmActMsg
       4  AlmAuxAct
       8  AlmAuxCnt
       1  AlmBlk
       1  AlmBuf
       1  AlmEnable
       1  AlmFlag
      56  AlmInMsg
       4  AlmInput
      64  AlmMMsg
      64  AlmMsg
       1  AlmNo
      56  AlmNoMsg
       1  AlmOSD
      84  AlmOffMsg
      84  AlmOnMsg
       1  AlmRecv
       1  AlmRx
       1  AlmT
       1  AlmTemp
       1  AperVal
      56  AptMsg
      48  AreaMsg
      52  AutoDrMsg
      52  AutoDwMsg
      52  AutoEdMsg
      52  AutoFnMsg
      12  AutoFocusMsg
      68  AutoMsg
       8  AutoPanMsg
      52  AutoSpdMsg
      52  AutoStMsg
       1  Aux1Buf
      80  Aux1OffMsg
      80  Aux1OnMsg
       1  Aux2Buf
      80  Aux2OffMsg
      80  Aux2OnMsg
      56  AuxActMsg
       1  AuxMode
      16  AuxMsg
       8  BackBuf
      48  BaudMsg
       1  BaudRate
       1  Baud_Buffer
      44  BaudrateMsg
      12  BlankMsg
       1  BlcAreaBottom
       1  BlcAreaLeft
       1  BlcAreaMode
       1  BlcAreaRight
       1  BlcAreaSel
       1  BlcAreaTop
       1  BlcEn
       1  BlcEnI
       1  BlcLevel
       1  BlcMode
      20  BlcMode1Msg
      12  BlcModeMsg
      12  BlcModeSMsg
      56  BlcMsg
      60  BlcOffMsg
      60  BlcOnMsg
      56  BlcSetMsg
      20  BlcShortModeMsg
       1  BlcSubCur
       1  BlcSubEn
       1  BlcSubMenu
      24  BlcSubModeMsg
       4  BlkMsg
       8  CDSMsg
       4  CDS_Average_Value
       4  CDS_Buffer_Cnt
       4  CDS_Day_Check_Cnt
       4  CDS_Night_Check_Cnt
       4  CDS_Total_Value
       4  CDS_convertV
       1  COMMAND_CODE
      20  CRxBuf
       1  CRxReceived
       1  CRxTail
      20  CTxBuf
       1  CTxMax
       1  CTxTail
       1  CURRENT_STATUS
      24  CZoomModeMsg
      20  CZoomOffMsg
      20  CZoomOnMsg
       1  CZoomSet
       1  CamCodeRecv
      48  CamDisMsg
       1  CamID_Buffer
      64  CamIdMsg
       8  CamIdsMsg
      20  CamInitialMsg
       1  CamModuleInfo
      16  CamRxBuf
       1  CamRxCnt
      64  CamSetMsg
      72  CamTestMsg
      20  CamTxBuf
       1  CamType
       8  CamType1Msg
       8  CamType2Msg
      24  CdZoomModeMsg
      20  CdZoomOffMsg
      20  CdZoomOnMsg
       1  CdZoomSet
      36  CelsiMsg
       1  CharLeng
      24  CheckHeater1Msg
      28  CheckHeaterMsg
      36  CheckLockMsg
       1  CheckSum
      36  CheckSyncMsg
       4  CheckTempValue
      28  CheckZoomMsg
       1  Check_Byte
       1  ChkFlag
      68  ChkMsg
      20  ChkOkMsg
      20  ClrMsg
       1  CndFlag
       1  CntReplyAlm
       4  CntSetReq
      36  CodiMsg
       1  CodiRef
       1  ColBaudFlag
       1  ColdCondition
       4  ColdCondition_Check_Time
       1  ColdCondition_Timer_Flag
      16  ColdStart1Msg
      12  ColdStartMsg
       1  Cold_Module_Init_Check
       1  Cold_Start_EnableFlag
       1  ColorBaud
      16  ColorCamMsg
      20  ColorModuleMsg
      56  ColorMsg
       8  ColorTMsg
       4  ColorVal
      16  ColorbaudMsg
       1  CommAcc
       1  CommAccA
       1  CommAccB
      20  CommErrMsg
       1  CommRate
      16  ConfigMsg
      92  ContinuousTimeMsg
       1  ConvertData
       1  DATA1_CODE
       1  DATA2_CODE
      36  DN0Msg
      36  DN1Msg
      36  DN2Msg
      72  DNAMsg
      72  DNDMsg
      36  DNLevMsg
       1  DNLevelFlag
       1  DNLevelSet
       1  DNMode
      72  DNNAMsg
      72  DNNMsg
      20  DRSLogoDisplayMsg
       1  DRS_NtPalSet
       1  DRS_RECIVE_COMPLETE
       4  DRS_Zoom_Count
       1  DSSMode
      76  DSSValMsg
       1  DZoom
       1  DZoomCount
      56  DZoomMsg
       1  DZoomPos
       1  DayFlag
       4  DayFlagMsg
       1  DayNightSubMenu
      84  DefaultInitMsg
      60  DefaultMsg
       1  DirectPattFlag
      56  Dis1Msg
       1  DisEn
      36  DisMsg
       8  DisOffMsg
       8  DisOnMsg
       4  DispBuf
      20  DispCode
      56  DnNMsg
       1  DnrMode
      56  DnrMsg
       1  DomeId
      56  DssMsg
      72  DssNAMsg
      72  DssOffMsg
      72  DssOnMsg
       4  DwellMs
       4  DwellSec
       1  EXCUTE_CODE
      36  EnMsg
      12  EngErrMsg
      32  EnglishMsg
      16  EpromCheckMsg
      80  EraseMsg
      32  EraseMsgClr
       4  ErrData
      60  ErrMsg
       1  Error_Offset_Check
       1  Error_Repeat_Cnt
      24  ExitMsg
      20  External_Title_Msg
       1  FRZMode
      36  FahreMsg
       1  FailFlag
       1  FanBuf
       1  FanFlag
       8  FanOffMsg
       8  FanOnMsg
       8  FanSetMsg
       1  Fan_Dewell_End_Flag
       1  Fan_Dewell_Flag
       4  Fan_Dwell_Time_ms
       4  Fan_Dwell_Time_sec
       1  Fan_Heater_First_Check_Flag
       4  Fan_Heater_First_Check_Time
       1  Fan_Heater_First_On_Flag
       1  Fan_State
      84  FarMsg
      28  FastMsg
       8  FastTMsg
       1  FlagReqAlm
       1  FlagReqSts
      12  FlickerMsg
      64  FlipMsg
      80  FlipOffMsg
      80  FlipOnMsg
      40  FlipStMsg
       1  FlkEn
      56  FlkMsg
      28  FocuFarMsg
      20  FocuNearMsg
       2  FocuPos
       2  FocuPos_SCM
      76  FocusAdjMsg
       1  FocusFlag
       1  FocusMan
      12  FocusModeMsg
       1  FocusModeVal
      88  FocusSSetMsg
      20  FocusSValMsg
       1  FocusSpdVal
       4  FocusStopCount
      12  FourMsg
      40  FreezeAllMsg
      40  FreezeMsg
       1  Freeze_Data
      72  FrzNAMsg
      88  FrzOffMsg
      88  FrzOnMsg
      12  FullAEMsg
       1  GHeaterActFlag
       1  GHeaterBuf
       1  GHeaterDispFlag
       1  GHeaterInter
       1  GHeaterMode
      20  GHeaterOffMsg
       1  GHeaterOffVal
      20  GHeaterOnMsg
       1  GHeaterOnVal
       4  GInterCount
       1  GInterMCount
       1  GInterSCount
       1  GainMode
      32  GainValMsg
      32  GainValMsg1
      16  GlassHeaterMsg
       4  HeatOffMsg
       4  Heater1OnMsg
       4  Heater2OnMsg
       1  HeaterActFlag
      12  HeaterAutoMsg
       1  HeaterFlag
      12  HeaterIntervalMsg
      12  HeaterOffMsg
      12  HeaterOnMsg
      20  HeaterSetMsg
      16  HeaterStatusMsg
       1  Heater_State
      20  HexCode
      24  HighMsg
       1  HitFlag
       1  HlcLevel
       1  HlcMaskColor
      12  HlcModeSMsg
      60  HlcOffMsg
      60  HlcOnMsg
      32  HomeautoMsg
       8  HomeblankMsg
      32  HomepattMsg
      64  HomeposMsg
      32  HomeprstMsg
      32  HomescanMsg
      32  HometourMsg
       1  HrMode
      56  HrMsg
       1  ICRThreshold
       1  ICanTek
      36  IDEHighInfoMsg
      16  IDEModeMsg
       1  IDEModeVal
       1  IDEModeValFlag
      36  IDElowInfoMsg
      16  IRISMsg
       1  IR_Duty_Step
       1  IR_Set_Check
       8  IR_Set_Msg
       1  IR_Test_Mode
       1  ISMode
      56  ISMsg
       1  IdDisp
       1  IdDisp2
      44  IdDispMsg
       1  IdPosBuf
       1  InHeaterDispFlag
       1  InHeaterInter
       1  InHeaterMode
       1  InHeaterOffVal
       1  InHeaterOnVal
       1  InheaterCount_M
       1  InheaterCount_Ms
       1  InheaterCount_S
      64  Init1Msg
      48  Init21Msg
      52  Init2Msg
      56  Init31Msg
      60  Init3Msg
      52  Init41Msg
      48  Init4Msg
      72  Init51Msg
      76  Init5Msg
      60  Init61Msg
      60  Init6Msg
      84  Init71Msg
      84  Init7Msg
      72  InitMsg
       1  InitOpt
      16  InnerHeaterMsg
      20  InnerHeaterOffMsg
      20  InnerHeaterOnMsg
       1  Inner_Heater_State
       4  InterCount
       1  InterMCount
       1  InterSCount
      16  InterTimeMsg
      12  InterValOnePushMsg
       1  InverseMode
      16  InverseModeMsg
      20  InverseOffMsg
      20  InverseOnMsg
      44  IrBrtMsg
       8  IrisAutoMsg
       8  IrisCloseMsg
       1  IrisFlag
      40  IrisLevelMsg
       1  IrisMan
      24  IrisMaxLevelMsg
       1  IrisMaxVal
       1  IrisMode
       1  IrisModeSet
       1  IrisPeakVal
       1  IrisSubMenu
       1  IrisVal
     144  IrisValMsg
       1  Joy_Zoom
       1  JoystickSW
       1  KeyFlag
       1  KeyInputFlag
      64  LangMsg
       1  Language
       4  Led1BlinkTimeMs
       4  Led2BlinkTimeMs
       4  Led3BlinkTimeMs
       1  LedCurFlag
       1  LedFlag
      12  LedOffMsg
      12  LedOnMsg
       1  LedStatus
       4  LeftMsg
      52  LeftTopMsg
      36  LensMsg
       1  LensSetFlag
      12  LensSetMsg
       1  LensVal
      48  LevelMsg
       1  LimFlag
      48  LimitMsg
      24  LoadingMsg
       1  LockEn
      48  LockMsg
       1  LogoEnFlag
       1  LogoModeVal
       8  LogoMsg
      24  LowMsg
       1  MODULE_SELECT
      24  MOffMsg
       1  MPVal
      20  MWbBGainMsg
      20  MWbRGainMsg
      24  MainAlmMsg
      48  MainBarMsg
      60  MainCamMsg
      16  MainCameraMsg
       1  MainCur
      60  MainDomMsg
      24  MainExtMsg
      16  MainMsg
      24  MainMsg10
      56  MainMsg2
      52  MainMsg3
      24  MainMsg9
      24  MainPatMsg
      24  MainPreMsg
      64  MainPriMsg
      32  MainScanMsg
      24  MainTitMsg
      16  MainTourMsg
      64  ManMsg
      48  MaskMsg
      28  MediMsg
       1  MenuFlag
       1  MenuKey
       1  Menu_IR_Set
      24  MiddleMsg
       1  MinusFlag
       8  MinuteMsg
       1  MirrorDisp
      56  MirrorMsg
      12  MirrorOffMsg
      12  MirrorOnMsg
       1  Mode
      48  ModeMsg
      28  MotorLevH
      24  MotorLevL
      28  MotorLevM
      40  MotorTrqMsg
       1  Motor_FG_Check
       4  Motor_FG_Count
       4  Motor_FG_Save_Buf
       1  Motor_FG_Temp
       4  NAMsg
      16  NCMsg
      16  NOMsg
      24  NTPALMsg
       8  NTSCMsg
       1  NT_PAL_MODE
      16  NameBuf
      20  New_Test_Msg
      56  NextMsg
       1  NightFlag
       4  NightFlagMsg
      12  NineMsg
      12  NoMsg
      36  NoTestMsg
      72  NonData
      36  NonDataClr
      36  NormalMsg
       4  NotAvailableMsg
       1  NtPalMode
       1  NtPalSetFlag
       1  OSD_Flag
       1  OSD_Refresh
      16  OffMsg
       1  OkFlag
       1  OnAlarm
      16  OnMsg
      12  OnePushMsg
       8  OrCode
      16  OsdCamIDMsg
      40  OsdCooMsg
      60  OsdDispMsg
      16  OsdGHeaterMsg
      16  OsdGTempMsg
      16  OsdHeaterMsg
      40  OsdIdMsg
      40  OsdPattMsg
      40  OsdPreMsg
      40  OsdScanMsg
      40  OsdSecMsg
      16  OsdStatusMsg
      40  OsdTourMsg
       8  OsdWiperMsg
       8  PALMsg
      52  PClearMsg
      60  PClrMsg
      60  PMainMsg
      60  PSaveMsg
      64  PStatusMsg
       4  PanContCnt
       4  PanMsg
      72  PanTestMsg
      16  PanTiltMsg
       1  PassCode
      40  PassMsg
       1  PassWord
      60  PassWordIn1Msg
      80  PassWordIn2Msg
      48  PassWordIn3Msg
      48  PassWordIn4Msg
       4  PassWordIn5Msg
      48  PassWordIn6Msg
      48  PassWordIn7Msg
      52  PassWordIn8Msg
      60  PatClrMsg
      52  PattIdMsg
      52  PattMsg
       8  PattNMsg
      52  PattNoMsg
       1  PattRdyFlag
      52  PattTmMsg
       1  PicFlip
      56  PicFlipMsg
      16  PicFlipOffMsg
      16  PicFlipOnMsg
       1  PinFlag
       1  PreFlag
      44  PreIdMsg
       1  PreIdPosBuf
       1  PreKey
      60  PreMsg
       1  PreNoBuf
      44  PreNoMsg
       1  PreZoomCnt
       1  PrevKey
      60  PrevMsg
      72  PreviMsg
      48  PriActMsg
      28  PriMoveMsg
      48  PriNumMsg
      48  PriStrMsg
      28  PriTLMsg
      12  ProMsg
       8  ProMsg1
       8  ProMsg2
      12  ProMsg3
      16  PromMsg
      36  ProtoMsg
       1  Protocol
       1  RLFlag
       1  RLKey
       1  RS_ZOOM
       1  RUpDay
       1  RUpMonth
       1  RUpYear
      48  RangeMsg
      24  RangeNMsg
      24  RangeWMsg
      84  RdyMarkMsg
      60  ReStartMsg
      64  RecMsg
       1  Recive_Flag
       1  Recover
       1  RecoverF
      20  RecoverTimeSetMsg
       1  RefTemp
      60  RemoteRstMsg
      36  ReverseMsg
      52  RightBottomMsg
       4  RightMsg
       1  RlKey
      48  RstMsg
       8  RxBuf
      16  RxBuf1
      12  RxBuf_DRS
      12  RxBuf_SCM
       1  RxCnt
       1  RxCnt_DRS
       1  RxCnt_SCM
       1  RxMaxCnt
       1  RxMaxCnt_DRS
       1  RxPoint
       1  RxStt1
       1  RxStt_BD
       1  RxTemp
       1  SCM_RECIVE_COMPLETE
       8  SClrMsg
       4  SECMsg
       1  SMark
       1  SSDREn
       4  SSDRLevel
       1  SSDRrange
      48  SaveExitMsg
       1  SaveFlag
      24  SaveMsg
      24  SavingMsg
      24  ScheduleTourDwellMsg
      28  ScheduleTourSpeedMsg
      52  SecFnMsg
      52  SecIdMsg
      60  SecMsg
      52  SecNoMsg
      52  SecStMsg
       8  SecondBuf
       1  SecondCnt
       1  SetFlag
      94  SetSysClockTo72
       1  SetUpFlag
     364  ShuttNTSpdMsg
     364  ShuttPALSpdMsg
      24  ShuttSValMsg
       1  ShutterMode
      40  ShutterModeMsg
       1  ShutterSpd
     132  ShutterSpdMsg
       1  ShutterSpdVal
       1  ShutterSubMenu
      28  SlowMsg
       8  SlowTMsg
       8  Speed
      52  SpeedMsg
      12  SsdrModeSMsg
      60  SsdrOffMsg
      60  SsdrOnMsg
       1  SsnrEn
      16  SsnrFMsg
      16  SsnrHMsg
      16  SsnrLMsg
      16  SsnrMMsg
      56  SsnrMsg
      64  StatusMsg
       4  SubBlcMsg
       1  SubCur
       1  SubFlag
       4  SubWdrMsg
      48  SureMsg
      64  Sys1SetMsg
      60  SysBMsg
      60  SysCMsg
      20  SysColorMsg
      60  SysFMsg
      20  SysModelMsg
      52  SysMsg
      60  SysPMsg
      60  SysRUMsg
      64  SysSetMsg
      60  SysStsMsg
      20  SysThermalMsg
      60  SysUMsg
      16  SystemStartMsg
      16  SystemStatusMsg
      16  TAGCGainBiasMsg
      16  TAGCLevelBiasMsg
      16  TAGCLimitMsg
      56  TAGCLimitValMsg
      12  TAGCModeMsg
      12  TCamType1Msg
      12  TCamType2Msg
      12  TCamType3Msg
       4  TCdsMsg
      60  TClrMsg
       4  TEMPBuf
       4  TMcount
       1  TModule
       4  TMscount
       4  TScount
      24  TZoomModeMsg
      20  TZoomOffMsg
      20  TZoomOnMsg
       1  TZoomSet
       1  Temp
       4  TempBlankMsg
       1  TempCheckCount
       1  TempCheckFlag
       1  TempCount
       1  TempDispFlag
       1  TempDispVal
       1  TempFlag
       1  TempMonitorting
       8  TempMsg
      12  TempRxBuf
       1  Temp_Count
       1  Temp_Count_S
       4  TemperCnt
       1  TemperFlag
      36  TemperMsg
       1  Temperature
       8  TestData
      40  TestFailMsg
       8  TestMsg
       4  TestOkMsg
      12  TestStartMsg
       1  TestUse
       1  TherBaudFlag
       1  TherBaudSetFlag
       1  ThermalBaud
       1  ThermalBaudset
      16  ThermalCamMsg
      16  ThermalMainCamMsg
      20  ThermalbaudMsg
      16  ThermalbaudsetMsg
       8  ThreeBuf
      20  TiltInitMsg
       8  TiltMsg
       1  TiltRepeat
      72  TiltTestMsg
       4  Time0
       4  Time1ms
       1  Time1ms2
       4  Time1sec
       4  Time50ms
       4  TimeCnt
       1  TimeFlag
       1  TimeLevel
       4  TmCount
       4  Totol_Motor_FG_Count
      60  TourDwellMsg
      36  TourIdMsg
      60  TourMsg
      16  TourNMsg
      52  TourNoMsg
      52  TourPreMsg
      16  TourSetNoMsg
      24  TourSetPrstMsg
      12  TourSetStepMsg
      52  TourStepMsg
      12  TwoMsg
      20  TxBuf
      16  TxBuf1
       1  TxBufCnt1
       1  TxBufCnt_485
       1  TxBufCnt_DRS
       1  TxBufCnt_SCM
      12  TxBuf_485
      12  TxBuf_DRS
       1  TxCnt
       1  TxCnt1
       1  TxCnt_485
       1  TxCnt_DRS
       1  TxMax
       1  TxMaxRef
       1  TxMaxRef_DRS
       1  TxMaxRef_SCM
       1  TxMax_485
       1  TxMax_DRS
       1  TxMax_SCM
      72  TxTestMsg
      12  UDateMsg
       8  URxBuf
       1  USART1_RECIVE_COMPLETE
      12  USART1_RxBuf
       1  USART1_RxCnt
       1  USART1_RxMaxCnt
      12  USART1_TempRxBuf
      12  USART3_TxBuf
       1  USART3_TxCnt
       1  UpDownFlag
       1  UpDownKey
       8  VerMsg
      72  VibNAMsg
      88  VibOffMsg
      88  VibOnMsg
      24  VideoGainMsg
      48  VideoModeMsg
      36  WB0Msg
      36  WB1Msg
      36  WB2Msg
      36  WB3Msg
      36  WB4Msg
       1  WBMode
      56  WBMsg
       1  WDRnoInc
      48  Wait1Msg
      40  WasherTimeMsg
      16  Washer_Fluid_Msg
       1  Washer_Fluid_Set
       1  Washer_Spray_Flag
       4  Washer_Spray_time
       4  Washer_Spray_time2
       4  Washer_Spray_time2_Delay
      12  Washer_Time_Msg
       4  Washer_Time_Set
       1  Washer_Time_Val
       1  WbBGain
       1  WbRGain
       1  WdrBlcEn
       1  WdrBlcMode
      60  WdrBlcOffMsg
      12  WdrModeSMsg
      56  WdrMsg
      60  WdrOffMsg
      60  WdrOnMsg
      16  WiperActiveMsg
       4  WiperCntMsg
      12  WiperErrorMsg
       4  WiperOnMsg
      20  WiperRepeatOffMsg
      16  WiperRepeatOn2Msg
      16  WiperRepeatOnMsg
      16  WiperSetMsg
      24  WiperSetOffMsg
      24  WiperSetOnMsg
      24  WiperStateMsg
       1  WiperSubMenu
       1  WiperTimelSet
       1  Wiper_Active_1
       4  Wiper_Active_Checktime
       1  Wiper_Active_Cnt
       1  Wiper_Active_Flag
       1  Wiper_Active_Save
       4  Wiper_Add_time
       1  Wiper_Continuous_Delay_Flag
       4  Wiper_Continuous_Delaytime
      16  Wiper_Continuous_Msg
       1  Wiper_Continuous_flag
      12  Wiper_Count_Msg
       1  Wiper_Count_Val
       1  Wiper_Direction_Flag
       1  Wiper_Dwell_Flag
       1  Wiper_Dwell_Time
       1  Wiper_Dwell_Timer_10ms
       1  Wiper_Dwell_Timer_1hour
       1  Wiper_Dwell_Timer_1minute
       1  Wiper_Dwell_Timer_1s
       1  Wiper_Error_Check
       4  Wiper_Error_Check_Time
       4  Wiper_Error_Check_Time_ms
       1  Wiper_Error_Msg
       1  Wiper_Error_Sensor_Check
       1  Wiper_Error_Sensor_Check_Before
       1  Wiper_Error_Status_Flag
       1  Wiper_Manual_Set
       1  Wiper_Origin_Chk
       1  Wiper_Origin_Reset_Chk
       4  Wiper_Repear_delay_time
       1  Wiper_Repeat2_Sensor_Check
       1  Wiper_Repeat_Active_Flag
       1  Wiper_Repeat_Active_Flag2
       4  Wiper_Repeat_Cnt
       1  Wiper_Sens_Count
       1  Wiper_Sens_High
       1  Wiper_Sens_Low
       1  Wiper_Sens_Temp
      12  Wiper_Set_Msg
       1  Wiper_Test_Mode
       4  Wiper_Timer_Chk_Val
       1  Wiper_Timer_Flag
       1  Wiper_Timer_Set
       4  Wiper_Timer_Set_Val
      12  YesMsg
       1  ZCamCodeRecv
      20  ZCamRxBuf
       1  ZCamRxCnt
       2  ZFocuPos
       1  ZOOMDATA_RECIVE_COMPLETE
       1  ZPosRetryCount
       4  ZPosWaitTime
       1  ZPreZoomCnt
      20  ZTxBuf
       1  ZTxCnt
       1  ZTxMax
       1  ZTxMaxRef
       1  ZZoomCnt
       1  ZZoomLed
       2  ZZoomPos
       1  ZZoomTCnt
       8  ZoomBothMsg
       1  ZoomChkCnt
       1  ZoomCnt
       4  ZoomData
       1  ZoomFlag
       1  ZoomInFlag
       1  ZoomLed
      16  ZoomModeMsg
       1  ZoomModeSet
      64  ZoomMsg
       8  ZoomNAMsg
       1  ZoomOutFlag
       2  ZoomPos
       1  ZoomPosCheckCount
       2  ZoomPos_SCM
       1  ZoomRef
       1  ZoomReferanceSpeed
      76  ZoomSSetMsg
      20  ZoomSValMsg
      20  ZoomSetMsg
       1  ZoomSpd
       1  ZoomSpdVal
      16  ZoomSpeedMsg
      16  ZoomStatusMsg
       4  ZoomStopCount
      52  ZoomSyncData19m
      52  ZoomSyncData35m
      52  ZoomSyncData75m
       8  ZoomSyncMsg
       1  ZoomTCnt
       4  ZoomVal
       4  ZoomVal_SCM
       1  Ztxsendflag
       4  convertV
       4  convertV_Buffer
       4  convertV_Buffer1
       1  inHeaterBuf
      20  inHeaterOffMsg
      20  inHeaterOnMsg
       4  intFlag
       4  inter
       8  main
       1  minusFlag
       4  msCount
       4  msIdleCnt
      12  ntpalsetMsg
      32  pSTR
       1  rxTest2
       1  rxTest3
       1  tx_watch_count
       1  txsendflag
       1  txsendflag_DRS
       1  txsendflag_SCM

 
  1 029 bytes in section .bss
    199 bytes in section .data
 17 744 bytes in section .rodata
    102 bytes in section .text
 
    102 bytes of CODE  memory
 17 744 bytes of CONST memory
  1 228 bytes of DATA  memory

Errors: none
Warnings: 1
